// Jest Snapshot v1, https://goo.gl/fbAQLP

exports[`Pruebas en <GifItem /> debe hacer match con snapshot 1`] = `
<div>
  <div
    class="card"
  >
    <img
      alt="Demon Slayer"
      src="https://demon-slayer.com/tanjiro.jpg"
    />
    <p>
      Demon Slayer
    </p>
  </div>
</div>
`;
